Archive member included to satisfy reference by file (symbol)

c:/program files (x86)/atollic/truestudio for stm32 9.1.0/armtools/bin/../lib/gcc/arm-atollic-eabi/6.3.1/../../../../arm-atollic-eabi/lib/armv6-m\libc_nano.a(lib_a-errno.o)
                              Src\syscalls.o (__errno)
c:/program files (x86)/atollic/truestudio for stm32 9.1.0/armtools/bin/../lib/gcc/arm-atollic-eabi/6.3.1/../../../../arm-atollic-eabi/lib/armv6-m\libc_nano.a(lib_a-impure.o)
                              c:/program files (x86)/atollic/truestudio for stm32 9.1.0/armtools/bin/../lib/gcc/arm-atollic-eabi/6.3.1/../../../../arm-atollic-eabi/lib/armv6-m\libc_nano.a(lib_a-errno.o) (_impure_ptr)
c:/program files (x86)/atollic/truestudio for stm32 9.1.0/armtools/bin/../lib/gcc/arm-atollic-eabi/6.3.1/../../../../arm-atollic-eabi/lib/armv6-m\libc_nano.a(lib_a-init.o)
                              startup\startup_stm32f051x8.o (__libc_init_array)
c:/program files (x86)/atollic/truestudio for stm32 9.1.0/armtools/bin/../lib/gcc/arm-atollic-eabi/6.3.1/../../../../arm-atollic-eabi/lib/armv6-m\libc_nano.a(lib_a-memcpy-stub.o)
                              Drivers\STM32F0xx_HAL_Driver\Src\stm32f0xx_hal_rcc.o (memcpy)
c:/program files (x86)/atollic/truestudio for stm32 9.1.0/armtools/bin/../lib/gcc/arm-atollic-eabi/6.3.1/../../../../arm-atollic-eabi/lib/armv6-m\libc_nano.a(lib_a-memset.o)
                              Src\ESP32.o (memset)
c:/program files (x86)/atollic/truestudio for stm32 9.1.0/armtools/bin/../lib/gcc/arm-atollic-eabi/6.3.1/../../../../arm-atollic-eabi/lib/armv6-m\libc_nano.a(lib_a-strlen.o)
                              Src\ESP32.o (strlen)
c:/program files (x86)/atollic/truestudio for stm32 9.1.0/armtools/bin/../lib/gcc/arm-atollic-eabi/6.3.1/armv6-m\libgcc.a(_thumb1_case_sqi.o)
                              Drivers\STM32F0xx_HAL_Driver\Src\stm32f0xx_hal_uart.o (__gnu_thumb1_case_sqi)
c:/program files (x86)/atollic/truestudio for stm32 9.1.0/armtools/bin/../lib/gcc/arm-atollic-eabi/6.3.1/armv6-m\libgcc.a(_thumb1_case_uqi.o)
                              Drivers\STM32F0xx_HAL_Driver\Src\stm32f0xx_hal_dma.o (__gnu_thumb1_case_uqi)
c:/program files (x86)/atollic/truestudio for stm32 9.1.0/armtools/bin/../lib/gcc/arm-atollic-eabi/6.3.1/armv6-m\libgcc.a(_udivsi3.o)
                              Drivers\STM32F0xx_HAL_Driver\Src\stm32f0xx_hal.o (__aeabi_uidiv)
c:/program files (x86)/atollic/truestudio for stm32 9.1.0/armtools/bin/../lib/gcc/arm-atollic-eabi/6.3.1/armv6-m\libgcc.a(_dvmd_tls.o)
                              c:/program files (x86)/atollic/truestudio for stm32 9.1.0/armtools/bin/../lib/gcc/arm-atollic-eabi/6.3.1/armv6-m\libgcc.a(_udivsi3.o) (__aeabi_idiv0)
c:/program files (x86)/atollic/truestudio for stm32 9.1.0/armtools/bin/../lib/gcc/arm-atollic-eabi/6.3.1/armv6-m\libgcc.a(_lshrdi3.o)
                              Drivers\STM32F0xx_HAL_Driver\Src\stm32f0xx_hal_flash.o (__aeabi_llsr)

Allocating common symbols
Common symbol       size              file

BadConnection       0x1               Src\ESP32.o
hspi2               0x64              Src\main.o
hi2c1               0x4c              Src\ESP32.o
Rx_data             0x1               Src\ESP32.o
uwTick              0x4               Drivers\STM32F0xx_HAL_Driver\Src\stm32f0xx_hal.o
pFlash              0x20              Drivers\STM32F0xx_HAL_Driver\Src\stm32f0xx_hal_flash.o
hdma_usart2_tx      0x44              Src\usart.o
Rx_Buffer           0x2bc             Src\ESP32.o
Success             0x1               Src\ESP32.o
huart2              0x80              Src\ESP32.o
SyncRequired        0x1               Src\ESP32.o

Discarded input sections

 .text          0x00000000        0x0 c:/program files (x86)/atollic/truestudio for stm32 9.1.0/armtools/bin/../lib/gcc/arm-atollic-eabi/6.3.1/armv6-m/crti.o
 .data          0x00000000        0x0 c:/program files (x86)/atollic/truestudio for stm32 9.1.0/armtools/bin/../lib/gcc/arm-atollic-eabi/6.3.1/armv6-m/crti.o
 .bss           0x00000000        0x0 c:/program files (x86)/atollic/truestudio for stm32 9.1.0/armtools/bin/../lib/gcc/arm-atollic-eabi/6.3.1/armv6-m/crti.o
 .data          0x00000000        0x4 c:/program files (x86)/atollic/truestudio for stm32 9.1.0/armtools/bin/../lib/gcc/arm-atollic-eabi/6.3.1/armv6-m/crtbegin.o
 .text          0x00000000        0x0 Drivers\STM32F0xx_HAL_Driver\Src\stm32f0xx_hal.o
 .data          0x00000000        0x0 Drivers\STM32F0xx_HAL_Driver\Src\stm32f0xx_hal.o
 .bss           0x00000000        0x0 Drivers\STM32F0xx_HAL_Driver\Src\stm32f0xx_hal.o
 .text.HAL_MspInit
                0x00000000        0x2 Drivers\STM32F0xx_HAL_Driver\Src\stm32f0xx_hal.o
 .text.HAL_MspDeInit
                0x00000000        0x2 Drivers\STM32F0xx_HAL_Driver\Src\stm32f0xx_hal.o
 .text.HAL_DeInit
                0x00000000       0x24 Drivers\STM32F0xx_HAL_Driver\Src\stm32f0xx_hal.o
 .text.HAL_GetTickPrio
                0x00000000        0xc Drivers\STM32F0xx_HAL_Driver\Src\stm32f0xx_hal.o
[...]
Memory Configuration

Name             Origin             Length             Attributes
RAM              0x20000000         0x00002000         xrw
FLASH            0x08000000         0x00010000         xr
*default*        0x00000000         0xffffffff

Linker script and memory map

LOAD c:/program files (x86)/atollic/truestudio for stm32 9.1.0/armtools/bin/../lib/gcc/arm-atollic-eabi/6.3.1/armv6-m/crti.o
LOAD c:/program files (x86)/atollic/truestudio for stm32 9.1.0/armtools/bin/../lib/gcc/arm-atollic-eabi/6.3.1/armv6-m/crtbegin.o
LOAD Drivers\STM32F0xx_HAL_Driver\Src\stm32f0xx_hal.o
LOAD Drivers\STM32F0xx_HAL_Driver\Src\stm32f0xx_hal_cortex.o
LOAD Drivers\STM32F0xx_HAL_Driver\Src\stm32f0xx_hal_dma.o
LOAD Drivers\STM32F0xx_HAL_Driver\Src\stm32f0xx_hal_exti.o
LOAD Drivers\STM32F0xx_HAL_Driver\Src\stm32f0xx_hal_flash.o
LOAD Drivers\STM32F0xx_HAL_Driver\Src\stm32f0xx_hal_flash_ex.o
LOAD Drivers\STM32F0xx_HAL_Driver\Src\stm32f0xx_hal_gpio.o
LOAD Drivers\STM32F0xx_HAL_Driver\Src\stm32f0xx_hal_i2c.o
LOAD Drivers\STM32F0xx_HAL_Driver\Src\stm32f0xx_hal_i2c_ex.o
LOAD Drivers\STM32F0xx_HAL_Driver\Src\stm32f0xx_hal_pwr.o
LOAD Drivers\STM32F0xx_HAL_Driver\Src\stm32f0xx_hal_pwr_ex.o
LOAD Drivers\STM32F0xx_HAL_Driver\Src\stm32f0xx_hal_rcc.o
LOAD Drivers\STM32F0xx_HAL_Driver\Src\stm32f0xx_hal_rcc_ex.o
LOAD Drivers\STM32F0xx_HAL_Driver\Src\stm32f0xx_hal_spi.o
LOAD Drivers\STM32F0xx_HAL_Driver\Src\stm32f0xx_hal_spi_ex.o
LOAD Drivers\STM32F0xx_HAL_Driver\Src\stm32f0xx_hal_tim.o
LOAD Drivers\STM32F0xx_HAL_Driver\Src\stm32f0xx_hal_tim_ex.o
LOAD Drivers\STM32F0xx_HAL_Driver\Src\stm32f0xx_hal_uart.o
LOAD Drivers\STM32F0xx_HAL_Driver\Src\stm32f0xx_hal_uart_ex.o
LOAD Src\ESP32.o
LOAD Src\dma.o
LOAD Src\gpio.o
LOAD Src\i2c.o
LOAD Src\main.o
LOAD Src\shift_reg.o
LOAD Src\spi.o
LOAD Src\stm32f0xx_hal_msp.o
LOAD Src\stm32f0xx_it.o
LOAD Src\sys.o
LOAD Src\syscalls.o
LOAD Src\system_stm32f0xx.o
LOAD Src\usart.o
LOAD startup\startup_stm32f051x8.o
                0x00000080                malloc_getpagesize_P = 0x80
START GROUP
LOAD c:/program files (x86)/atollic/truestudio for stm32 9.1.0/armtools/bin/../lib/gcc/arm-atollic-eabi/6.3.1/../../../../arm-atollic-eabi/lib/armv6-m\libc_nano.a
LOAD c:/program files (x86)/atollic/truestudio for stm32 9.1.0/armtools/bin/../lib/gcc/arm-atollic-eabi/6.3.1/../../../../arm-atollic-eabi/lib/armv6-m\libm.a
END GROUP
START GROUP
LOAD c:/program files (x86)/atollic/truestudio for stm32 9.1.0/armtools/bin/../lib/gcc/arm-atollic-eabi/6.3.1/armv6-m\libgcc.a
LOAD c:/program files (x86)/atollic/truestudio for stm32 9.1.0/armtools/bin/../lib/gcc/arm-atollic-eabi/6.3.1/../../../../arm-atollic-eabi/lib/armv6-m\libc_nano.a
END GROUP
START GROUP
LOAD c:/program files (x86)/atollic/truestudio for stm32 9.1.0/armtools/bin/../lib/gcc/arm-atollic-eabi/6.3.1/armv6-m\libgcc.a
LOAD c:/program files (x86)/atollic/truestudio for stm32 9.1.0/armtools/bin/../lib/gcc/arm-atollic-eabi/6.3.1/../../../../arm-atollic-eabi/lib/armv6-m\libc_nano.a
LOAD c:/program files (x86)/atollic/truestudio for stm32 9.1.0/armtools/bin/../lib/gcc/arm-atollic-eabi/6.3.1/../../../../arm-atollic-eabi/lib/armv6-m\libnosys.a
END GROUP
START GROUP
LOAD c:/program files (x86)/atollic/truestudio for stm32 9.1.0/armtools/bin/../lib/gcc/arm-atollic-eabi/6.3.1/armv6-m\libgcc.a
LOAD c:/program files (x86)/atollic/truestudio for stm32 9.1.0/armtools/bin/../lib/gcc/arm-atollic-eabi/6.3.1/../../../../arm-atollic-eabi/lib/armv6-m\libc_nano.a
LOAD c:/program files (x86)/atollic/truestudio for stm32 9.1.0/armtools/bin/../lib/gcc/arm-atollic-eabi/6.3.1/../../../../arm-atollic-eabi/lib/armv6-m\libnosys.a
END GROUP
LOAD c:/program files (x86)/atollic/truestudio for stm32 9.1.0/armtools/bin/../lib/gcc/arm-atollic-eabi/6.3.1/armv6-m/crtend.o
LOAD c:/program files (x86)/atollic/truestudio for stm32 9.1.0/armtools/bin/../lib/gcc/arm-atollic-eabi/6.3.1/armv6-m/crtn.o
                0x20002000                _estack = 0x20002000
                0x00000200                _Min_Heap_Size = 0x200
                0x00000400                _Min_Stack_Size = 0x400

.isr_vector     0x08000000       0xc0
                0x08000000                . = ALIGN (0x4)
 *(.isr_vector)
 .isr_vector    0x08000000       0xc0 startup\startup_stm32f051x8.o
                0x08000000                g_pfnVectors
                0x080000c0                . = ALIGN (0x4)

.text           0x080000c0     0x26f8
                0x080000c0                . = ALIGN (0x4)
 *(.text)
 .text          0x080000c0       0x48 c:/program files (x86)/atollic/truestudio for stm32 9.1.0/armtools/bin/../lib/gcc/arm-atollic-eabi/6.3.1/armv6-m/crtbegin.o
 .text          0x08000108        0xe c:/program files (x86)/atollic/truestudio for stm32 9.1.0/armtools/bin/../lib/gcc/arm-atollic-eabi/6.3.1/../../../../arm-atollic-eabi/lib/armv6-m\libc_nano.a(lib_a-strlen.o)
                0x08000108                strlen
 *fill*         0x08000116        0x2 
 .text          0x08000118       0x14 c:/program files (x86)/atollic/truestudio for stm32 9.1.0/armtools/bin/../lib/gcc/arm-atollic-eabi/6.3.1/armv6-m\libgcc.a(_thumb1_case_sqi.o)
                0x08000118                __gnu_thumb1_case_sqi
 .text          0x0800012c       0x14 c:/program files (x86)/atollic/truestudio for stm32 9.1.0/armtools/bin/../lib/gcc/arm-atollic-eabi/6.3.1/armv6-m\libgcc.a(_thumb1_case_uqi.o)
                0x0800012c                __gnu_thumb1_case_uqi
 .text          0x08000140      0x114 c:/program files (x86)/atollic/truestudio for stm32 9.1.0/armtools/bin/../lib/gcc/arm-atollic-eabi/6.3.1/armv6-m\libgcc.a(_udivsi3.o)
                0x08000140                __aeabi_uidiv
                0x08000140                __udivsi3
                0x0800024c                __aeabi_uidivmod
 .text          0x08000254        0x4 c:/program files (x86)/atollic/truestudio for stm32 9.1.0/armtools/bin/../lib/gcc/arm-atollic-eabi/6.3.1/armv6-m\libgcc.a(_dvmd_tls.o)
                0x08000254                __aeabi_idiv0
                0x08000254                __aeabi_ldiv0
 *(.text*)
 .text.HAL_InitTick
                0x08000258       0x48 Drivers\STM32F0xx_HAL_Driver\Src\stm32f0xx_hal.o
                0x08000258                HAL_InitTick
 .text.HAL_Init
                0x080002a0       0x20 Drivers\STM32F0xx_HAL_Driver\Src\stm32f0xx_hal.o
                0x080002a0                HAL_Init
 .text.HAL_IncTick
                0x080002c0       0x18 Drivers\STM32F0xx_HAL_Driver\Src\stm32f0xx_hal.o
                0x080002c0                HAL_IncTick
 .text.HAL_GetTick
                0x080002d8        0xc Drivers\STM32F0xx_HAL_Driver\Src\stm32f0xx_hal.o
                0x080002d8                HAL_GetTick
 .text.HAL_Delay
                0x080002e4       0x24 Drivers\STM32F0xx_HAL_Driver\Src\stm32f0xx_hal.o
                0x080002e4                HAL_Delay
 .text.HAL_NVIC_SetPriority
                0x08000308       0x60 Drivers\STM32F0xx_HAL_Driver\Src\stm32f0xx_hal_cortex.o
                0x08000308                HAL_NVIC_SetPriority
 .text.HAL_NVIC_EnableIRQ
                0x08000368       0x18 Drivers\STM32F0xx_HAL_Driver\Src\stm32f0xx_hal_cortex.o
                0x08000368                HAL_NVIC_EnableIRQ
 .text.HAL_SYSTICK_Config
                0x08000380       0x34 Drivers\STM32F0xx_HAL_Driver\Src\stm32f0xx_hal_cortex.o
                0x08000380                HAL_SYSTICK_Config
 .text.HAL_DMA_Init
                0x080003b4       0x64 Drivers\STM32F0xx_HAL_Driver\Src\stm32f0xx_hal_dma.o
                0x080003b4                HAL_DMA_Init
 .text.HAL_DMA_Abort_IT
                0x08000418       0x46 Drivers\STM32F0xx_HAL_Driver\Src\stm32f0xx_hal_dma.o
                0x08000418                HAL_DMA_Abort_IT
 .text.HAL_DMA_IRQHandler
                0x0800045e       0x92 Drivers\STM32F0xx_HAL_Driver\Src\stm32f0xx_hal_dma.o
                0x0800045e                HAL_DMA_IRQHandler
 .text.HAL_GPIO_Init
                0x080004f0      0x160 Drivers\STM32F0xx_HAL_Driver\Src\stm32f0xx_hal_gpio.o
                0x080004f0                HAL_GPIO_Init
 .text.HAL_GPIO_WritePin
                0x08000650        0xc Drivers\STM32F0xx_HAL_Driver\Src\stm32f0xx_hal_gpio.o
                0x08000650                HAL_GPIO_WritePin
 .text.HAL_GPIO_EXTI_Callback
                0x0800065c        0x2 Drivers\STM32F0xx_HAL_Driver\Src\stm32f0xx_hal_gpio.o
                0x0800065c                HAL_GPIO_EXTI_Callback
 *fill*         0x0800065e        0x2 
 .text.HAL_GPIO_EXTI_IRQHandler
                0x08000660       0x18 Drivers\STM32F0xx_HAL_Driver\Src\stm32f0xx_hal_gpio.o
                0x08000660                HAL_GPIO_EXTI_IRQHandler
 .text.I2C_Flush_TXDR
                0x08000678       0x1c Drivers\STM32F0xx_HAL_Driver\Src\stm32f0xx_hal_i2c.o
 .text.I2C_TransferConfig
                0x08000694       0x2c Drivers\STM32F0xx_HAL_Driver\Src\stm32f0xx_hal_i2c.o
 .text.I2C_WaitOnFlagUntilTimeout
                0x080006c0       0x50 Drivers\STM32F0xx_HAL_Driver\Src\stm32f0xx_hal_i2c.o
 .text.I2C_IsAcknowledgeFailed
                0x08000710       0x7c Drivers\STM32F0xx_HAL_Driver\Src\stm32f0xx_hal_i2c.o
 .text.I2C_WaitOnTXISFlagUntilTimeout
                0x0800078c       0x54 Drivers\STM32F0xx_HAL_Driver\Src\stm32f0xx_hal_i2c.o
 .text.I2C_WaitOnSTOPFlagUntilTimeout
                0x080007e0       0x50 Drivers\STM32F0xx_HAL_Driver\Src\stm32f0xx_hal_i2c.o
 .text.I2C_WaitOnRXNEFlagUntilTimeout
                0x08000830       0x80 Drivers\STM32F0xx_HAL_Driver\Src\stm32f0xx_hal_i2c.o
 .text.HAL_I2C_Init
                0x080008b0       0xac Drivers\STM32F0xx_HAL_Driver\Src\stm32f0xx_hal_i2c.o
                0x080008b0                HAL_I2C_Init
 .text.HAL_I2C_Master_Transmit
                0x0800095c      0x12c Drivers\STM32F0xx_HAL_Driver\Src\stm32f0xx_hal_i2c.o
                0x0800095c                HAL_I2C_Master_Transmit
 .text.HAL_I2C_Master_Receive
                0x08000a88      0x130 Drivers\STM32F0xx_HAL_Driver\Src\stm32f0xx_hal_i2c.o
                0x08000a88                HAL_I2C_Master_Receive
 .text.HAL_I2CEx_ConfigAnalogFilter
                0x08000bb8       0x4c Drivers\STM32F0xx_HAL_Driver\Src\stm32f0xx_hal_i2c_ex.o
                0x08000bb8                HAL_I2CEx_ConfigAnalogFilter
 .text.HAL_I2CEx_ConfigDigitalFilter
                0x08000c04       0x48 Drivers\STM32F0xx_HAL_Driver\Src\stm32f0xx_hal_i2c_ex.o
                0x08000c04                HAL_I2CEx_ConfigDigitalFilter
 .text.HAL_RCC_OscConfig
                0x08000c4c      0x404 Drivers\STM32F0xx_HAL_Driver\Src\stm32f0xx_hal_rcc.o
                0x08000c4c                HAL_RCC_OscConfig
 .text.HAL_RCC_GetSysClockFreq
                0x08001050       0x64 Drivers\STM32F0xx_HAL_Driver\Src\stm32f0xx_hal_rcc.o
                0x08001050                HAL_RCC_GetSysClockFreq
 .text.HAL_RCC_ClockConfig
                0x080010b4      0x108 Drivers\STM32F0xx_HAL_Driver\Src\stm32f0xx_hal_rcc.o
                0x080010b4                HAL_RCC_ClockConfig
 .text.HAL_RCC_GetPCLK1Freq
                0x080011bc       0x20 Drivers\STM32F0xx_HAL_Driver\Src\stm32f0xx_hal_rcc.o
                0x080011bc                HAL_RCC_GetPCLK1Freq
 .text.HAL_RCCEx_PeriphCLKConfig
                0x080011dc      0x118 Drivers\STM32F0xx_HAL_Driver\Src\stm32f0xx_hal_rcc_ex.o
                0x080011dc                HAL_RCCEx_PeriphCLKConfig
 .text.SPI_WaitFifoStateUntilTimeout.part.1
                0x080012f4       0x60 Drivers\STM32F0xx_HAL_Driver\Src\stm32f0xx_hal_spi.o
 .text.SPI_WaitFlagStateUntilTimeout.constprop.9
                0x08001354       0x28 Drivers\STM32F0xx_HAL_Driver\Src\stm32f0xx_hal_spi.o
 .text.SPI_WaitFifoStateUntilTimeout.constprop.10
                0x0800137c       0x34 Drivers\STM32F0xx_HAL_Driver\Src\stm32f0xx_hal_spi.o
 .text.SPI_EndRxTxTransaction
                0x080013b0       0x46 Drivers\STM32F0xx_HAL_Driver\Src\stm32f0xx_hal_spi.o
 *fill*         0x080013f6        0x2 
 .text.HAL_SPI_Init
                0x080013f8       0xbc Drivers\STM32F0xx_HAL_Driver\Src\stm32f0xx_hal_spi.o
                0x080013f8                HAL_SPI_Init
 .text.HAL_SPI_Transmit
                0x080014b4      0x19e Drivers\STM32F0xx_HAL_Driver\Src\stm32f0xx_hal_spi.o
                0x080014b4                HAL_SPI_Transmit
 *fill*         0x08001652        0x2 
 .text.UART_EndRxTransfer
                0x08001654       0x24 Drivers\STM32F0xx_HAL_Driver\Src\stm32f0xx_hal_uart.o
 .text.UART_TxISR_16BIT
                0x08001678       0x3e Drivers\STM32F0xx_HAL_Driver\Src\stm32f0xx_hal_uart.o
 .text.UART_TxISR_8BIT
                0x080016b6       0x3a Drivers\STM32F0xx_HAL_Driver\Src\stm32f0xx_hal_uart.o
 .text.HAL_UART_Transmit_IT
                0x080016f0       0x7c Drivers\STM32F0xx_HAL_Driver\Src\stm32f0xx_hal_uart.o
                0x080016f0                HAL_UART_Transmit_IT
 .text.HAL_UART_Receive_IT
                0x0800176c       0xb4 Drivers\STM32F0xx_HAL_Driver\Src\stm32f0xx_hal_uart.o
                0x0800176c                HAL_UART_Receive_IT
 .text.HAL_UART_TxCpltCallback
                0x08001820        0x2 Drivers\STM32F0xx_HAL_Driver\Src\stm32f0xx_hal_uart.o
                0x08001820                HAL_UART_TxCpltCallback
 *fill*         0x08001822        0x2 
 .text.UART_RxISR_8BIT
                0x08001824       0x60 Drivers\STM32F0xx_HAL_Driver\Src\stm32f0xx_hal_uart.o
 .text.UART_RxISR_16BIT
                0x08001884       0x5c Drivers\STM32F0xx_HAL_Driver\Src\stm32f0xx_hal_uart.o
 .text.HAL_UART_ErrorCallback
                0x080018e0        0x2 Drivers\STM32F0xx_HAL_Driver\Src\stm32f0xx_hal_uart.o
                0x080018e0                HAL_UART_ErrorCallback
 *fill*         0x080018e2        0x2 
 .text.HAL_UART_IRQHandler
                0x080018e4      0x154 Drivers\STM32F0xx_HAL_Driver\Src\stm32f0xx_hal_uart.o
                0x080018e4                HAL_UART_IRQHandler
 .text.UART_DMAAbortOnError
                0x08001a38       0x16 Drivers\STM32F0xx_HAL_Driver\Src\stm32f0xx_hal_uart.o
 *fill*         0x08001a4e        0x2 
 .text.UART_SetConfig
                0x08001a50      0x14c Drivers\STM32F0xx_HAL_Driver\Src\stm32f0xx_hal_uart.o
                0x08001a50                UART_SetConfig
 .text.UART_AdvFeatureConfig
                0x08001b9c       0xd0 Drivers\STM32F0xx_HAL_Driver\Src\stm32f0xx_hal_uart.o
                0x08001b9c                UART_AdvFeatureConfig
 .text.UART_WaitOnFlagUntilTimeout
                0x08001c6c       0x90 Drivers\STM32F0xx_HAL_Driver\Src\stm32f0xx_hal_uart.o
                0x08001c6c                UART_WaitOnFlagUntilTimeout
 .text.UART_CheckIdleState
                0x08001cfc       0x60 Drivers\STM32F0xx_HAL_Driver\Src\stm32f0xx_hal_uart.o
                0x08001cfc                UART_CheckIdleState
 .text.HAL_UART_Init
                0x08001d5c       0x64 Drivers\STM32F0xx_HAL_Driver\Src\stm32f0xx_hal_uart.o
                0x08001d5c                HAL_UART_Init
 .text.HAL_UARTEx_WakeupCallback
                0x08001dc0        0x2 Drivers\STM32F0xx_HAL_Driver\Src\stm32f0xx_hal_uart_ex.o
                0x08001dc0                HAL_UARTEx_WakeupCallback
 *fill*         0x08001dc2        0x2 
 .text.ESP32Send
                0x08001dc4       0x18 Src\ESP32.o
                0x08001dc4                ESP32Send
 .text.HAL_UART_RxCpltCallback
                0x08001ddc       0x2c Src\ESP32.o
                0x08001ddc                HAL_UART_RxCpltCallback
 .text.CleanBuffer
                0x08001e08       0x24 Src\ESP32.o
                0x08001e08                CleanBuffer
 .text.WiFiConnect
                0x08001e2c       0xc0 Src\ESP32.o
                0x08001e2c                WiFiConnect
 .text.ESPSyncToRTC
                0x08001eec      0x214 Src\ESP32.o
                0x08001eec                ESPSyncToRTC
 .text.MX_DMA_Init
                0x08002100       0x2c Src\dma.o
                0x08002100                MX_DMA_Init
 .text.MX_GPIO_Init
                0x0800212c       0xc0 Src\gpio.o
                0x0800212c                MX_GPIO_Init
 .text.MX_I2C1_Init
                0x080021ec       0x5c Src\i2c.o
                0x080021ec                MX_I2C1_Init
 .text.HAL_I2C_MspInit
                0x08002248       0x68 Src\i2c.o
                0x08002248                HAL_I2C_MspInit
 .text.SystemClock_Config
                0x080022b0       0x60 Src\main.o
                0x080022b0                SystemClock_Config
 .text.startup.main
                0x08002310       0x54 Src\main.o
                0x08002310                main
 .text.Error_Handler
                0x08002364        0x2 Src\main.o
                0x08002364                Error_Handler
 *fill*         0x08002366        0x2 
 .text.display  0x08002368       0x5c Src\shift_reg.o
                0x08002368                display
 .text.NixieClean
                0x080023c4       0x48 Src\shift_reg.o
                0x080023c4                NixieClean
 .text.MX_SPI2_Init
                0x0800240c       0x50 Src\spi.o
                0x0800240c                MX_SPI2_Init
 .text.HAL_SPI_MspInit
                0x0800245c       0x64 Src\spi.o
                0x0800245c                HAL_SPI_MspInit
 .text.HAL_MspInit
                0x080024c0       0x30 Src\stm32f0xx_hal_msp.o
                0x080024c0                HAL_MspInit
 .text.NMI_Handler
                0x080024f0        0x2 Src\stm32f0xx_it.o
                0x080024f0                NMI_Handler
 .text.HardFault_Handler
                0x080024f2        0x2 Src\stm32f0xx_it.o
                0x080024f2                HardFault_Handler
 .text.SVC_Handler
                0x080024f4        0x2 Src\stm32f0xx_it.o
                0x080024f4                SVC_Handler
 .text.PendSV_Handler
                0x080024f6        0x2 Src\stm32f0xx_it.o
                0x080024f6                PendSV_Handler
 .text.SysTick_Handler
                0x080024f8        0x8 Src\stm32f0xx_it.o
                0x080024f8                SysTick_Handler
 .text.EXTI0_1_IRQHandler
                0x08002500       0xe0 Src\stm32f0xx_it.o
                0x08002500                EXTI0_1_IRQHandler
 .text.DMA1_Channel4_5_IRQHandler
                0x080025e0       0x10 Src\stm32f0xx_it.o
                0x080025e0                DMA1_Channel4_5_IRQHandler
 .text.USART2_IRQHandler
                0x080025f0       0x10 Src\stm32f0xx_it.o
                0x080025f0                USART2_IRQHandler
 .text.SystemInit
                0x08002600        0x2 Src\system_stm32f0xx.o
                0x08002600                SystemInit
 *fill*         0x08002602        0x2 
 .text.MX_USART2_UART_Init
                0x08002604       0x38 Src\usart.o
                0x08002604                MX_USART2_UART_Init
 .text.HAL_UART_MspInit
                0x0800263c       0xa4 Src\usart.o
                0x0800263c                HAL_UART_MspInit
 .text.Reset_Handler
                0x080026e0       0x50 startup\startup_stm32f051x8.o
                0x080026e0                Reset_Handler
 .text.Default_Handler
                0x08002730        0x2 startup\startup_stm32f051x8.o
                0x08002730                TIM1_CC_IRQHandler
                0x08002730                TSC_IRQHandler
                0x08002730                ADC1_COMP_IRQHandler
                0x08002730                PVD_IRQHandler
                0x08002730                I2C1_IRQHandler
                0x08002730                RCC_CRS_IRQHandler
                0x08002730                SPI1_IRQHandler
                0x08002730                TIM6_DAC_IRQHandler
                0x08002730                EXTI2_3_IRQHandler
                0x08002730                I2C2_IRQHandler
                0x08002730                TIM17_IRQHandler
                0x08002730                CEC_CAN_IRQHandler
                0x08002730                RTC_IRQHandler
                0x08002730                TIM16_IRQHandler
                0x08002730                TIM3_IRQHandler
                0x08002730                EXTI4_15_IRQHandler
                0x08002730                DMA1_Channel1_IRQHandler
                0x08002730                Default_Handler
                0x08002730                TIM14_IRQHandler
                0x08002730                TIM15_IRQHandler
                0x08002730                SPI2_IRQHandler
                0x08002730                WWDG_IRQHandler
                0x08002730                TIM2_IRQHandler
                0x08002730                DMA1_Channel2_3_IRQHandler
                0x08002730                FLASH_IRQHandler
                0x08002730                USART1_IRQHandler
                0x08002730                TIM1_BRK_UP_TRG_COM_IRQHandler
 *fill*         0x08002732        0x2 
 .text.__libc_init_array
                0x08002734       0x48 c:/program files (x86)/atollic/truestudio for stm32 9.1.0/armtools/bin/../lib/gcc/arm-atollic-eabi/6.3.1/../../../../arm-atollic-eabi/lib/armv6-m\libc_nano.a(lib_a-init.o)
                0x08002734                __libc_init_array
 .text.memcpy   0x0800277c       0x12 c:/program files (x86)/atollic/truestudio for stm32 9.1.0/armtools/bin/../lib/gcc/arm-atollic-eabi/6.3.1/../../../../arm-atollic-eabi/lib/armv6-m\libc_nano.a(lib_a-memcpy-stub.o)
                0x0800277c                memcpy
 .text.memset   0x0800278e       0x10 c:/program files (x86)/atollic/truestudio for stm32 9.1.0/armtools/bin/../lib/gcc/arm-atollic-eabi/6.3.1/../../../../arm-atollic-eabi/lib/armv6-m\libc_nano.a(lib_a-memset.o)
                0x0800278e                memset
 *(.glue_7)
 .glue_7        0x0800279e        0x0 linker stubs
 *(.glue_7t)
 .glue_7t       0x0800279e        0x0 linker stubs
 *(.eh_frame)
 *fill*         0x0800279e        0x2 
 .eh_frame      0x080027a0        0x0 c:/program files (x86)/atollic/truestudio for stm32 9.1.0/armtools/bin/../lib/gcc/arm-atollic-eabi/6.3.1/armv6-m/crtbegin.o
 *(.init)
 .init          0x080027a0        0x4 c:/program files (x86)/atollic/truestudio for stm32 9.1.0/armtools/bin/../lib/gcc/arm-atollic-eabi/6.3.1/armv6-m/crti.o
                0x080027a0                _init
 .init          0x080027a4        0x8 c:/program files (x86)/atollic/truestudio for stm32 9.1.0/armtools/bin/../lib/gcc/arm-atollic-eabi/6.3.1/armv6-m/crtn.o
 *(.fini)
 .fini          0x080027ac        0x4 c:/program files (x86)/atollic/truestudio for stm32 9.1.0/armtools/bin/../lib/gcc/arm-atollic-eabi/6.3.1/armv6-m/crti.o
                0x080027ac                _fini
 .fini          0x080027b0        0x8 c:/program files (x86)/atollic/truestudio for stm32 9.1.0/armtools/bin/../lib/gcc/arm-atollic-eabi/6.3.1/armv6-m/crtn.o
                0x080027b8                . = ALIGN (0x4)
                0x080027b8                _etext = .

.vfp11_veneer   0x080027b8        0x0
 .vfp11_veneer  0x080027b8        0x0 linker stubs

.v4_bx          0x080027b8        0x0
 .v4_bx         0x080027b8        0x0 linker stubs

.iplt           0x080027b8        0x0
 .iplt          0x080027b8        0x0 c:/program files (x86)/atollic/truestudio for stm32 9.1.0/armtools/bin/../lib/gcc/arm-atollic-eabi/6.3.1/armv6-m/crtbegin.o

.rodata         0x080027b8       0xe8
                0x080027b8                . = ALIGN (0x4)
 *(.rodata)
 .rodata        0x080027b8       0x20 Drivers\STM32F0xx_HAL_Driver\Src\stm32f0xx_hal_rcc.o
 *(.rodata*)
 .rodata.CSWTCH.58
                0x080027d8        0x4 Drivers\STM32F0xx_HAL_Driver\Src\stm32f0xx_hal_uart.o
 .rodata.ESPSyncToRTC.str1.1
                0x080027dc       0x46 Src\ESP32.o
 .rodata.WiFiConnect.str1.1
                0x08002822       0x63 Src\ESP32.o
                                 0x67 (size before relaxing)
 .rodata.AHBPrescTable
                0x08002885       0x10 Src\system_stm32f0xx.o
                0x08002885                AHBPrescTable
 .rodata.APBPrescTable
                0x08002895        0x8 Src\system_stm32f0xx.o
                0x08002895                APBPrescTable
                0x080028a0                . = ALIGN (0x4)
 *fill*         0x0800289d        0x3 

.rel.dyn        0x080028a0        0x0
 .rel.iplt      0x080028a0        0x0 c:/program files (x86)/atollic/truestudio for stm32 9.1.0/armtools/bin/../lib/gcc/arm-atollic-eabi/6.3.1/armv6-m/crtbegin.o

.ARM.extab
 *(.ARM.extab* .gnu.linkonce.armextab.*)

.ARM            0x080028a0        0x0
                0x080028a0                __exidx_start = .
 *(.ARM.exidx*)
                0x080028a0                __exidx_end = .

.preinit_array  0x080028a0        0x0
                0x080028a0                PROVIDE (__preinit_array_start, .)
 *(.preinit_array*)
                0x080028a0                PROVIDE (__preinit_array_end, .)

.init_array     0x080028a0        0x4
                0x080028a0                PROVIDE (__init_array_start, .)
 *(SORT(.init_array.*))
 *(.init_array*)
 .init_array    0x080028a0        0x4 c:/program files (x86)/atollic/truestudio for stm32 9.1.0/armtools/bin/../lib/gcc/arm-atollic-eabi/6.3.1/armv6-m/crtbegin.o
                0x080028a4                PROVIDE (__init_array_end, .)

.fini_array     0x080028a4        0x4
                [!provide]                PROVIDE (__fini_array_start, .)
 *(SORT(.fini_array.*))
 *(.fini_array*)
 .fini_array    0x080028a4        0x4 c:/program files (x86)/atollic/truestudio for stm32 9.1.0/armtools/bin/../lib/gcc/arm-atollic-eabi/6.3.1/armv6-m/crtbegin.o
                [!provide]                PROVIDE (__fini_array_end, .)
                0x080028a8                _sidata = LOADADDR (.data)

.data           0x20000000       0x58 load address 0x080028a8
                0x20000000                . = ALIGN (0x4)
                0x20000000                _sdata = .
 *(.data)
 *(.data*)
 .data.uwTickFreq
                0x20000000        0x1 Drivers\STM32F0xx_HAL_Driver\Src\stm32f0xx_hal.o
                0x20000000                uwTickFreq
 *fill*         0x20000001        0x3 
 .data.uwTickPrio
                0x20000004        0x4 Drivers\STM32F0xx_HAL_Driver\Src\stm32f0xx_hal.o
                0x20000004                uwTickPrio
 .data.HTTPRequest
                0x20000008       0x49 Src\ESP32.o
                0x20000008                HTTPRequest
 .data.NixieCleanDelay
                0x20000051        0x1 Src\shift_reg.o
                0x20000051                NixieCleanDelay
 .data.DotState
                0x20000052        0x1 Src\stm32f0xx_it.o
                0x20000052                DotState
 *fill*         0x20000053        0x1 
 .data.SystemCoreClock
                0x20000054        0x4 Src\system_stm32f0xx.o
                0x20000054                SystemCoreClock
                0x20000058                . = ALIGN (0x4)
                0x20000058                _edata = .

.igot.plt       0x20000058        0x0 load address 0x08002900
 .igot.plt      0x20000058        0x0 c:/program files (x86)/atollic/truestudio for stm32 9.1.0/armtools/bin/../lib/gcc/arm-atollic-eabi/6.3.1/armv6-m/crtbegin.o
                0x20000058                . = ALIGN (0x4)

.bss            0x20000058      0x464 load address 0x08002900
                0x20000058                _sbss = .
                0x20000058                __bss_start__ = _sbss
 *(.bss)
 .bss           0x20000058       0x1c c:/program files (x86)/atollic/truestudio for stm32 9.1.0/armtools/bin/../lib/gcc/arm-atollic-eabi/6.3.1/armv6-m/crtbegin.o
 *(.bss*)
 .bss.Rx_indx   0x20000074        0x2 Src\ESP32.o
                0x20000074                Rx_indx
 .bss.CurrentTime
                0x20000076        0x6 Src\stm32f0xx_it.o
                0x20000076                CurrentTime
 *(COMMON)
 COMMON         0x2000007c        0x4 Drivers\STM32F0xx_HAL_Driver\Src\stm32f0xx_hal.o
                0x2000007c                uwTick
 COMMON         0x20000080      0x391 Src\ESP32.o
                0x20000080                BadConnection
                0x20000084                hi2c1
                0x200000d0                Rx_data
                0x200000d1                Rx_Buffer
                0x2000038d                Success
                0x20000390                huart2
                0x20000410                SyncRequired
 *fill*         0x20000411        0x3 
 COMMON         0x20000414       0x64 Src\main.o
                0x20000414                hspi2
 COMMON         0x20000478       0x44 Src\usart.o
                0x20000478                hdma_usart2_tx
                0x200004bc                . = ALIGN (0x4)
                0x200004bc                _ebss = .
                0x200004bc                __bss_end__ = _ebss

._user_heap_stack
                0x200004bc      0x600 load address 0x08002900
                0x200004bc                . = ALIGN (0x4)
                0x200004bc                PROVIDE (end, .)
                [!provide]                PROVIDE (_end, .)
                0x200006bc                . = (. + _Min_Heap_Size)
 *fill*         0x200004bc      0x200 
                0x20000abc                . = (. + _Min_Stack_Size)
 *fill*         0x200006bc      0x400 
                0x20000abc                . = ALIGN (0x4)

/DISCARD/
 libc.a(*)
 libm.a(*)
 libgcc.a(*)

.ARM.attributes
                0x00000000       0x28
 *(.ARM.attributes)
 .ARM.attributes
                0x00000000       0x1e c:/program files (x86)/atollic/truestudio for stm32 9.1.0/armtools/bin/../lib/gcc/arm-atollic-eabi/6.3.1/armv6-m/crti.o
 .ARM.attributes
                0x0000001e       0x2c c:/program files (x86)/atollic/truestudio for stm32 9.1.0/armtools/bin/../lib/gcc/arm-atollic-eabi/6.3.1/armv6-m/crtbegin.o
 .ARM.attributes
                0x0000004a       0x31 Drivers\STM32F0xx_HAL_Driver\Src\stm32f0xx_hal.o
 .ARM.attributes
                0x0000007b       0x31 Drivers\STM32F0xx_HAL_Driver\Src\stm32f0xx_hal_cortex.o
 .ARM.attributes
                0x000000ac       0x31 Drivers\STM32F0xx_HAL_Driver\Src\stm32f0xx_hal_dma.o
 .ARM.attributes
                0x000000dd       0x31 Drivers\STM32F0xx_HAL_Driver\Src\stm32f0xx_hal_gpio.o
 .ARM.attributes
                0x0000010e       0x31 Drivers\STM32F0xx_HAL_Driver\Src\stm32f0xx_hal_i2c.o
 .ARM.attributes
                0x0000013f       0x31 Drivers\STM32F0xx_HAL_Driver\Src\stm32f0xx_hal_i2c_ex.o
 .ARM.attributes
                0x00000170       0x31 Drivers\STM32F0xx_HAL_Driver\Src\stm32f0xx_hal_rcc.o
 .ARM.attributes
                0x000001a1       0x31 Drivers\STM32F0xx_HAL_Driver\Src\stm32f0xx_hal_rcc_ex.o
 .ARM.attributes
                0x000001d2       0x31 Drivers\STM32F0xx_HAL_Driver\Src\stm32f0xx_hal_spi.o
 .ARM.attributes
                0x00000203       0x31 Drivers\STM32F0xx_HAL_Driver\Src\stm32f0xx_hal_uart.o
 .ARM.attributes
                0x00000234       0x31 Drivers\STM32F0xx_HAL_Driver\Src\stm32f0xx_hal_uart_ex.o
 .ARM.attributes
                0x00000265       0x31 Src\ESP32.o
 .ARM.attributes
                0x00000296       0x31 Src\dma.o
 .ARM.attributes
                0x000002c7       0x31 Src\gpio.o
 .ARM.attributes
                0x000002f8       0x31 Src\i2c.o
 .ARM.attributes
                0x00000329       0x31 Src\main.o
 .ARM.attributes
                0x0000035a       0x31 Src\shift_reg.o
 .ARM.attributes
                0x0000038b       0x31 Src\spi.o
 .ARM.attributes
                0x000003bc       0x31 Src\stm32f0xx_hal_msp.o
 .ARM.attributes
                0x000003ed       0x31 Src\stm32f0xx_it.o
 .ARM.attributes
                0x0000041e       0x31 Src\system_stm32f0xx.o
 .ARM.attributes
                0x0000044f       0x31 Src\usart.o
 .ARM.attributes
                0x00000480       0x21 startup\startup_stm32f051x8.o
 .ARM.attributes
                0x000004a1       0x2c c:/program files (x86)/atollic/truestudio for stm32 9.1.0/armtools/bin/../lib/gcc/arm-atollic-eabi/6.3.1/../../../../arm-atollic-eabi/lib/armv6-m\libc_nano.a(lib_a-init.o)
 .ARM.attributes
                0x000004cd       0x2c c:/program files (x86)/atollic/truestudio for stm32 9.1.0/armtools/bin/../lib/gcc/arm-atollic-eabi/6.3.1/../../../../arm-atollic-eabi/lib/armv6-m\libc_nano.a(lib_a-memcpy-stub.o)
 .ARM.attributes
                0x000004f9       0x2c c:/program files (x86)/atollic/truestudio for stm32 9.1.0/armtools/bin/../lib/gcc/arm-atollic-eabi/6.3.1/../../../../arm-atollic-eabi/lib/armv6-m\libc_nano.a(lib_a-memset.o)
 .ARM.attributes
                0x00000525       0x1c c:/program files (x86)/atollic/truestudio for stm32 9.1.0/armtools/bin/../lib/gcc/arm-atollic-eabi/6.3.1/../../../../arm-atollic-eabi/lib/armv6-m\libc_nano.a(lib_a-strlen.o)
 .ARM.attributes
                0x00000541       0x1e c:/program files (x86)/atollic/truestudio for stm32 9.1.0/armtools/bin/../lib/gcc/arm-atollic-eabi/6.3.1/armv6-m\libgcc.a(_thumb1_case_sqi.o)
 .ARM.attributes
                0x0000055f       0x1e c:/program files (x86)/atollic/truestudio for stm32 9.1.0/armtools/bin/../lib/gcc/arm-atollic-eabi/6.3.1/armv6-m\libgcc.a(_thumb1_case_uqi.o)
 .ARM.attributes
                0x0000057d       0x1e c:/program files (x86)/atollic/truestudio for stm32 9.1.0/armtools/bin/../lib/gcc/arm-atollic-eabi/6.3.1/armv6-m\libgcc.a(_udivsi3.o)
 .ARM.attributes
                0x0000059b       0x1e c:/program files (x86)/atollic/truestudio for stm32 9.1.0/armtools/bin/../lib/gcc/arm-atollic-eabi/6.3.1/armv6-m\libgcc.a(_dvmd_tls.o)
 .ARM.attributes
                0x000005b9       0x1e c:/program files (x86)/atollic/truestudio for stm32 9.1.0/armtools/bin/../lib/gcc/arm-atollic-eabi/6.3.1/armv6-m/crtn.o
OUTPUT(NIX_CLK_S03.elf elf32-littlearm)

.debug_info     0x00000000    0x128af
 .debug_info    0x00000000      0x757 Drivers\STM32F0xx_HAL_Driver\Src\stm32f0xx_hal.o
 .debug_info    0x00000757      0x863 Drivers\STM32F0xx_HAL_Driver\Src\stm32f0xx_hal_cortex.o
 .debug_info    0x00000fba      0x85c Drivers\STM32F0xx_HAL_Driver\Src\stm32f0xx_hal_dma.o
 .debug_info    0x00001816      0x67e Drivers\STM32F0xx_HAL_Driver\Src\stm32f0xx_hal_gpio.o
 .debug_info    0x00001e94     0x387c Drivers\STM32F0xx_HAL_Driver\Src\stm32f0xx_hal_i2c.o
 .debug_info    0x00005710      0x8bb Drivers\STM32F0xx_HAL_Driver\Src\stm32f0xx_hal_i2c_ex.o
 .debug_info    0x00005fcb      0xa2b Drivers\STM32F0xx_HAL_Driver\Src\stm32f0xx_hal_rcc.o
 .debug_info    0x000069f6      0x43c Drivers\STM32F0xx_HAL_Driver\Src\stm32f0xx_hal_rcc_ex.o
 .debug_info    0x00006e32     0x2036 Drivers\STM32F0xx_HAL_Driver\Src\stm32f0xx_hal_spi.o
 .debug_info    0x00008e68     0x1b78 Drivers\STM32F0xx_HAL_Driver\Src\stm32f0xx_hal_uart.o
 .debug_info    0x0000a9e0      0x963 Drivers\STM32F0xx_HAL_Driver\Src\stm32f0xx_hal_uart_ex.o
 .debug_info    0x0000b343      0xffb Src\ESP32.o
 .debug_info    0x0000c33e      0x363 Src\dma.o
 .debug_info    0x0000c6a1      0x59b Src\gpio.o
 .debug_info    0x0000cc3c      0x9ce Src\i2c.o
 .debug_info    0x0000d60a     0x18b0 Src\main.o
 .debug_info    0x0000eeba     0x10d0 Src\shift_reg.o
 .debug_info    0x0000ff8a      0x940 Src\spi.o
 .debug_info    0x000108ca      0x258 Src\stm32f0xx_hal_msp.o
 .debug_info    0x00010b22      0xf3d Src\stm32f0xx_it.o
 .debug_info    0x00011a5f      0x2a4 Src\system_stm32f0xx.o
 .debug_info    0x00011d03      0xb27 Src\usart.o
 .debug_info    0x0001282a       0x85 startup\startup_stm32f051x8.o

.debug_abbrev   0x00000000     0x2df3
 .debug_abbrev  0x00000000      0x264 Drivers\STM32F0xx_HAL_Driver\Src\stm32f0xx_hal.o
 .debug_abbrev  0x00000264      0x269 Drivers\STM32F0xx_HAL_Driver\Src\stm32f0xx_hal_cortex.o
 .debug_abbrev  0x000004cd      0x216 Drivers\STM32F0xx_HAL_Driver\Src\stm32f0xx_hal_dma.o
 .debug_abbrev  0x000006e3      0x1e6 Drivers\STM32F0xx_HAL_Driver\Src\stm32f0xx_hal_gpio.o
 .debug_abbrev  0x000008c9      0x334 Drivers\STM32F0xx_HAL_Driver\Src\stm32f0xx_hal_i2c.o
 .debug_abbrev  0x00000bfd      0x1d0 Drivers\STM32F0xx_HAL_Driver\Src\stm32f0xx_hal_i2c_ex.o
 .debug_abbrev  0x00000dcd      0x286 Drivers\STM32F0xx_HAL_Driver\Src\stm32f0xx_hal_rcc.o
 .debug_abbrev  0x00001053      0x1b5 Drivers\STM32F0xx_HAL_Driver\Src\stm32f0xx_hal_rcc_ex.o
 .debug_abbrev  0x00001208      0x33d Drivers\STM32F0xx_HAL_Driver\Src\stm32f0xx_hal_spi.o
 .debug_abbrev  0x00001545      0x321 Drivers\STM32F0xx_HAL_Driver\Src\stm32f0xx_hal_uart.o
 .debug_abbrev  0x00001866      0x241 Drivers\STM32F0xx_HAL_Driver\Src\stm32f0xx_hal_uart_ex.o
 .debug_abbrev  0x00001aa7      0x223 Src\ESP32.o
 .debug_abbrev  0x00001cca      0x139 Src\dma.o
 .debug_abbrev  0x00001e03      0x182 Src\gpio.o
 .debug_abbrev  0x00001f85      0x1e5 Src\i2c.o
 .debug_abbrev  0x0000216a      0x267 Src\main.o
 .debug_abbrev  0x000023d1      0x231 Src\shift_reg.o
 .debug_abbrev  0x00002602      0x1cf Src\spi.o
 .debug_abbrev  0x000027d1      0x100 Src\stm32f0xx_hal_msp.o
 .debug_abbrev  0x000028d1      0x201 Src\stm32f0xx_it.o
 .debug_abbrev  0x00002ad2      0x126 Src\system_stm32f0xx.o
 .debug_abbrev  0x00002bf8      0x1e9 Src\usart.o
 .debug_abbrev  0x00002de1       0x12 startup\startup_stm32f051x8.o

.debug_loc      0x00000000     0x89c2
 .debug_loc     0x00000000       0xef Drivers\STM32F0xx_HAL_Driver\Src\stm32f0xx_hal.o
 .debug_loc     0x000000ef      0x3b6 Drivers\STM32F0xx_HAL_Driver\Src\stm32f0xx_hal_cortex.o
 .debug_loc     0x000004a5      0x7fd Drivers\STM32F0xx_HAL_Driver\Src\stm32f0xx_hal_dma.o
 .debug_loc     0x00000ca2      0x303 Drivers\STM32F0xx_HAL_Driver\Src\stm32f0xx_hal_gpio.o
 .debug_loc     0x00000fa5     0x3a65 Drivers\STM32F0xx_HAL_Driver\Src\stm32f0xx_hal_i2c.o
 .debug_loc     0x00004a0a      0x1bc Drivers\STM32F0xx_HAL_Driver\Src\stm32f0xx_hal_i2c_ex.o
 .debug_loc     0x00004bc6      0x480 Drivers\STM32F0xx_HAL_Driver\Src\stm32f0xx_hal_rcc.o
 .debug_loc     0x00005046      0x29e Drivers\STM32F0xx_HAL_Driver\Src\stm32f0xx_hal_rcc_ex.o
 .debug_loc     0x000052e4     0x1a97 Drivers\STM32F0xx_HAL_Driver\Src\stm32f0xx_hal_spi.o
 .debug_loc     0x00006d7b     0x14c8 Drivers\STM32F0xx_HAL_Driver\Src\stm32f0xx_hal_uart.o
 .debug_loc     0x00008243      0x2c8 Drivers\STM32F0xx_HAL_Driver\Src\stm32f0xx_hal_uart_ex.o
 .debug_loc     0x0000850b      0x148 Src\ESP32.o
 .debug_loc     0x00008653       0x4d Src\i2c.o
 .debug_loc     0x000086a0      0x156 Src\shift_reg.o
 .debug_loc     0x000087f6       0x4d Src\spi.o
 .debug_loc     0x00008843      0x127 Src\system_stm32f0xx.o
 .debug_loc     0x0000896a       0x58 Src\usart.o

.debug_aranges  0x00000000      0xaf8
 .debug_aranges
                0x00000000       0xc8 Drivers\STM32F0xx_HAL_Driver\Src\stm32f0xx_hal.o
 .debug_aranges
                0x000000c8       0x78 Drivers\STM32F0xx_HAL_Driver\Src\stm32f0xx_hal_cortex.o
 .debug_aranges
                0x00000140       0x78 Drivers\STM32F0xx_HAL_Driver\Src\stm32f0xx_hal_dma.o
 .debug_aranges
                0x000001b8       0x58 Drivers\STM32F0xx_HAL_Driver\Src\stm32f0xx_hal_gpio.o
 .debug_aranges
                0x00000210      0x238 Drivers\STM32F0xx_HAL_Driver\Src\stm32f0xx_hal_i2c.o
 .debug_aranges
                0x00000448       0x48 Drivers\STM32F0xx_HAL_Driver\Src\stm32f0xx_hal_i2c_ex.o
 .debug_aranges
                0x00000490       0x80 Drivers\STM32F0xx_HAL_Driver\Src\stm32f0xx_hal_rcc.o
 .debug_aranges
                0x00000510       0x30 Drivers\STM32F0xx_HAL_Driver\Src\stm32f0xx_hal_rcc_ex.o
 .debug_aranges
                0x00000540      0x198 Drivers\STM32F0xx_HAL_Driver\Src\stm32f0xx_hal_spi.o
 .debug_aranges
                0x000006d8      0x1b8 Drivers\STM32F0xx_HAL_Driver\Src\stm32f0xx_hal_uart.o
 .debug_aranges
                0x00000890       0x48 Drivers\STM32F0xx_HAL_Driver\Src\stm32f0xx_hal_uart_ex.o
 .debug_aranges
                0x000008d8       0x40 Src\ESP32.o
 .debug_aranges
                0x00000918       0x20 Src\dma.o
 .debug_aranges
                0x00000938       0x20 Src\gpio.o
 .debug_aranges
                0x00000958       0x30 Src\i2c.o
 .debug_aranges
                0x00000988       0x30 Src\main.o
 .debug_aranges
                0x000009b8       0x28 Src\shift_reg.o
 .debug_aranges
                0x000009e0       0x30 Src\spi.o
 .debug_aranges
                0x00000a10       0x20 Src\stm32f0xx_hal_msp.o
 .debug_aranges
                0x00000a30       0x48 Src\stm32f0xx_it.o
 .debug_aranges
                0x00000a78       0x28 Src\system_stm32f0xx.o
 .debug_aranges
                0x00000aa0       0x30 Src\usart.o
 .debug_aranges
                0x00000ad0       0x28 startup\startup_stm32f051x8.o

.debug_ranges   0x00000000      0xe18
 .debug_ranges  0x00000000       0xb8 Drivers\STM32F0xx_HAL_Driver\Src\stm32f0xx_hal.o
 .debug_ranges  0x000000b8       0xb8 Drivers\STM32F0xx_HAL_Driver\Src\stm32f0xx_hal_cortex.o
 .debug_ranges  0x00000170       0xe8 Drivers\STM32F0xx_HAL_Driver\Src\stm32f0xx_hal_dma.o
 .debug_ranges  0x00000258       0x70 Drivers\STM32F0xx_HAL_Driver\Src\stm32f0xx_hal_gpio.o
 .debug_ranges  0x000002c8      0x288 Drivers\STM32F0xx_HAL_Driver\Src\stm32f0xx_hal_i2c.o
 .debug_ranges  0x00000550       0x78 Drivers\STM32F0xx_HAL_Driver\Src\stm32f0xx_hal_i2c_ex.o
 .debug_ranges  0x000005c8       0xa0 Drivers\STM32F0xx_HAL_Driver\Src\stm32f0xx_hal_rcc.o
 .debug_ranges  0x00000668       0x40 Drivers\STM32F0xx_HAL_Driver\Src\stm32f0xx_hal_rcc_ex.o
 .debug_ranges  0x000006a8      0x278 Drivers\STM32F0xx_HAL_Driver\Src\stm32f0xx_hal_spi.o
 .debug_ranges  0x00000920      0x1a8 Drivers\STM32F0xx_HAL_Driver\Src\stm32f0xx_hal_uart.o
 .debug_ranges  0x00000ac8       0x38 Drivers\STM32F0xx_HAL_Driver\Src\stm32f0xx_hal_uart_ex.o
 .debug_ranges  0x00000b00       0x48 Src\ESP32.o
 .debug_ranges  0x00000b48       0x38 Src\dma.o
 .debug_ranges  0x00000b80       0x98 Src\gpio.o
 .debug_ranges  0x00000c18       0x40 Src\i2c.o
 .debug_ranges  0x00000c58       0x20 Src\main.o
 .debug_ranges  0x00000c78       0x18 Src\shift_reg.o
 .debug_ranges  0x00000c90       0x68 Src\spi.o
 .debug_ranges  0x00000cf8       0x58 Src\stm32f0xx_hal_msp.o
 .debug_ranges  0x00000d50       0x38 Src\stm32f0xx_it.o
 .debug_ranges  0x00000d88       0x18 Src\system_stm32f0xx.o
 .debug_ranges  0x00000da0       0x58 Src\usart.o
 .debug_ranges  0x00000df8       0x20 startup\startup_stm32f051x8.o

.debug_line     0x00000000     0x7228
 .debug_line    0x00000000      0x3ee Drivers\STM32F0xx_HAL_Driver\Src\stm32f0xx_hal.o
 .debug_line    0x000003ee      0x389 Drivers\STM32F0xx_HAL_Driver\Src\stm32f0xx_hal_cortex.o
 .debug_line    0x00000777      0x4d4 Drivers\STM32F0xx_HAL_Driver\Src\stm32f0xx_hal_dma.o
 .debug_line    0x00000c4b      0x37d Drivers\STM32F0xx_HAL_Driver\Src\stm32f0xx_hal_gpio.o
 .debug_line    0x00000fc8     0x19f7 Drivers\STM32F0xx_HAL_Driver\Src\stm32f0xx_hal_i2c.o
 .debug_line    0x000029bf      0x37e Drivers\STM32F0xx_HAL_Driver\Src\stm32f0xx_hal_i2c_ex.o
 .debug_line    0x00002d3d      0x5aa Drivers\STM32F0xx_HAL_Driver\Src\stm32f0xx_hal_rcc.o
 .debug_line    0x000032e7      0x332 Drivers\STM32F0xx_HAL_Driver\Src\stm32f0xx_hal_rcc_ex.o
 .debug_line    0x00003619      0xd7a Drivers\STM32F0xx_HAL_Driver\Src\stm32f0xx_hal_spi.o
 .debug_line    0x00004393      0xe87 Drivers\STM32F0xx_HAL_Driver\Src\stm32f0xx_hal_uart.o
 .debug_line    0x0000521a      0x33b Drivers\STM32F0xx_HAL_Driver\Src\stm32f0xx_hal_uart_ex.o
 .debug_line    0x00005555      0x340 Src\ESP32.o
 .debug_line    0x00005895      0x1d2 Src\dma.o
 .debug_line    0x00005a67      0x213 Src\gpio.o
 .debug_line    0x00005c7a      0x293 Src\i2c.o
 .debug_line    0x00005f0d      0x3a2 Src\main.o
 .debug_line    0x000062af      0x30c Src\shift_reg.o
 .debug_line    0x000065bb      0x27f Src\spi.o
 .debug_line    0x0000683a      0x1c4 Src\stm32f0xx_hal_msp.o
 .debug_line    0x000069fe      0x30e Src\stm32f0xx_it.o
 .debug_line    0x00006d0c      0x1e4 Src\system_stm32f0xx.o
 .debug_line    0x00006ef0      0x2b6 Src\usart.o
 .debug_line    0x000071a6       0x82 startup\startup_stm32f051x8.o

.debug_str      0x00000000     0x3764
 .debug_str     0x00000000      0x6a9 Drivers\STM32F0xx_HAL_Driver\Src\stm32f0xx_hal.o
                                0x70a (size before relaxing)
 .debug_str     0x000006a9      0x295 Drivers\STM32F0xx_HAL_Driver\Src\stm32f0xx_hal_cortex.o
                                0x6f4 (size before relaxing)
 .debug_str     0x0000093e      0x3ef Drivers\STM32F0xx_HAL_Driver\Src\stm32f0xx_hal_dma.o
                                0x6e6 (size before relaxing)
 .debug_str     0x00000d2d      0x1c7 Drivers\STM32F0xx_HAL_Driver\Src\stm32f0xx_hal_gpio.o
                                0x4d1 (size before relaxing)
 .debug_str     0x00000ef4      0xae3 Drivers\STM32F0xx_HAL_Driver\Src\stm32f0xx_hal_i2c.o
                                0xffa (size before relaxing)
 .debug_str     0x000019d7       0xf3 Drivers\STM32F0xx_HAL_Driver\Src\stm32f0xx_hal_i2c_ex.o
                                0x8a0 (size before relaxing)
 .debug_str     0x00001aca      0x312 Drivers\STM32F0xx_HAL_Driver\Src\stm32f0xx_hal_rcc.o
                                0x6e2 (size before relaxing)
 .debug_str     0x00001ddc      0x139 Drivers\STM32F0xx_HAL_Driver\Src\stm32f0xx_hal_rcc_ex.o
                                0x489 (size before relaxing)
 .debug_str     0x00001f15      0x729 Drivers\STM32F0xx_HAL_Driver\Src\stm32f0xx_hal_spi.o
                                0xc5e (size before relaxing)
 .debug_str     0x0000263e      0x87c Drivers\STM32F0xx_HAL_Driver\Src\stm32f0xx_hal_uart.o
                                0xeb2 (size before relaxing)
 .debug_str     0x00002eba      0x146 Drivers\STM32F0xx_HAL_Driver\Src\stm32f0xx_hal_uart_ex.o
                                0x868 (size before relaxing)
 .debug_str     0x00003000       0xe8 Src\ESP32.o
                                0xa98 (size before relaxing)
 .debug_str     0x000030e8       0x19 Src\dma.o
                                0x49e (size before relaxing)
 .debug_str     0x00003101       0x2b Src\gpio.o
                                0x564 (size before relaxing)
 .debug_str     0x0000312c       0x32 Src\i2c.o
                                0x897 (size before relaxing)
 .debug_str     0x0000315e      0x436 Src\main.o
                               0x11d3 (size before relaxing)
 .debug_str     0x00003594       0x54 Src\shift_reg.o
                                0xb2d (size before relaxing)
 .debug_str     0x000035e8       0x17 Src\spi.o
                                0x7a6 (size before relaxing)
 .debug_str     0x000035ff       0x1b Src\stm32f0xx_hal_msp.o
                                0x2d1 (size before relaxing)
 .debug_str     0x0000361a       0xd6 Src\stm32f0xx_it.o
                                0xc6d (size before relaxing)
 .debug_str     0x000036f0       0x5a Src\system_stm32f0xx.o
                                0x2fd (size before relaxing)
 .debug_str     0x0000374a       0x1a Src\usart.o
                                0x9c7 (size before relaxing)

.comment        0x00000000       0x7c
 .comment       0x00000000       0x7c Drivers\STM32F0xx_HAL_Driver\Src\stm32f0xx_hal.o
                                 0x7d (size before relaxing)
 .comment       0x0000007c       0x7d Drivers\STM32F0xx_HAL_Driver\Src\stm32f0xx_hal_cortex.o
 .comment       0x0000007c       0x7d Drivers\STM32F0xx_HAL_Driver\Src\stm32f0xx_hal_dma.o
 .comment       0x0000007c       0x7d Drivers\STM32F0xx_HAL_Driver\Src\stm32f0xx_hal_gpio.o
 .comment       0x0000007c       0x7d Drivers\STM32F0xx_HAL_Driver\Src\stm32f0xx_hal_i2c.o
 .comment       0x0000007c       0x7d Drivers\STM32F0xx_HAL_Driver\Src\stm32f0xx_hal_i2c_ex.o
 .comment       0x0000007c       0x7d Drivers\STM32F0xx_HAL_Driver\Src\stm32f0xx_hal_rcc.o
 .comment       0x0000007c       0x7d Drivers\STM32F0xx_HAL_Driver\Src\stm32f0xx_hal_rcc_ex.o
 .comment       0x0000007c       0x7d Drivers\STM32F0xx_HAL_Driver\Src\stm32f0xx_hal_spi.o
 .comment       0x0000007c       0x7d Drivers\STM32F0xx_HAL_Driver\Src\stm32f0xx_hal_uart.o
 .comment       0x0000007c       0x7d Drivers\STM32F0xx_HAL_Driver\Src\stm32f0xx_hal_uart_ex.o
 .comment       0x0000007c       0x7d Src\ESP32.o
 .comment       0x0000007c       0x7d Src\dma.o
 .comment       0x0000007c       0x7d Src\gpio.o
 .comment       0x0000007c       0x7d Src\i2c.o
 .comment       0x0000007c       0x7d Src\main.o
 .comment       0x0000007c       0x7d Src\shift_reg.o
 .comment       0x0000007c       0x7d Src\spi.o
 .comment       0x0000007c       0x7d Src\stm32f0xx_hal_msp.o
 .comment       0x0000007c       0x7d Src\stm32f0xx_it.o
 .comment       0x0000007c       0x7d Src\system_stm32f0xx.o
 .comment       0x0000007c       0x7d Src\usart.o

.debug_frame    0x00000000     0x1ff0
 .debug_frame   0x00000000      0x1b4 Drivers\STM32F0xx_HAL_Driver\Src\stm32f0xx_hal.o
 .debug_frame   0x000001b4       0xe4 Drivers\STM32F0xx_HAL_Driver\Src\stm32f0xx_hal_cortex.o
 .debug_frame   0x00000298      0x158 Drivers\STM32F0xx_HAL_Driver\Src\stm32f0xx_hal_dma.o
 .debug_frame   0x000003f0       0xbc Drivers\STM32F0xx_HAL_Driver\Src\stm32f0xx_hal_gpio.o
 .debug_frame   0x000004ac      0x864 Drivers\STM32F0xx_HAL_Driver\Src\stm32f0xx_hal_i2c.o
 .debug_frame   0x00000d10       0xc0 Drivers\STM32F0xx_HAL_Driver\Src\stm32f0xx_hal_i2c_ex.o
 .debug_frame   0x00000dd0      0x140 Drivers\STM32F0xx_HAL_Driver\Src\stm32f0xx_hal_rcc.o
 .debug_frame   0x00000f10       0x58 Drivers\STM32F0xx_HAL_Driver\Src\stm32f0xx_hal_rcc_ex.o
 .debug_frame   0x00000f68      0x5cc Drivers\STM32F0xx_HAL_Driver\Src\stm32f0xx_hal_spi.o
 .debug_frame   0x00001534      0x5bc Drivers\STM32F0xx_HAL_Driver\Src\stm32f0xx_hal_uart.o
 .debug_frame   0x00001af0       0xa0 Drivers\STM32F0xx_HAL_Driver\Src\stm32f0xx_hal_uart_ex.o
 .debug_frame   0x00001b90       0x94 Src\ESP32.o
 .debug_frame   0x00001c24       0x2c Src\dma.o
 .debug_frame   0x00001c50       0x30 Src\gpio.o
 .debug_frame   0x00001c80       0x5c Src\i2c.o
 .debug_frame   0x00001cdc       0x60 Src\main.o
 .debug_frame   0x00001d3c       0x50 Src\shift_reg.o
 .debug_frame   0x00001d8c       0x5c Src\spi.o
 .debug_frame   0x00001de8       0x24 Src\stm32f0xx_hal_msp.o
 .debug_frame   0x00001e0c       0xb8 Src\stm32f0xx_it.o
 .debug_frame   0x00001ec4       0x3c Src\system_stm32f0xx.o
 .debug_frame   0x00001f00       0x5c Src\usart.o
 .debug_frame   0x00001f5c       0x2c c:/program files (x86)/atollic/truestudio for stm32 9.1.0/armtools/bin/../lib/gcc/arm-atollic-eabi/6.3.1/../../../../arm-atollic-eabi/lib/armv6-m\libc_nano.a(lib_a-init.o)
 .debug_frame   0x00001f88       0x28 c:/program files (x86)/atollic/truestudio for stm32 9.1.0/armtools/bin/../lib/gcc/arm-atollic-eabi/6.3.1/../../../../arm-atollic-eabi/lib/armv6-m\libc_nano.a(lib_a-memcpy-stub.o)
 .debug_frame   0x00001fb0       0x20 c:/program files (x86)/atollic/truestudio for stm32 9.1.0/armtools/bin/../lib/gcc/arm-atollic-eabi/6.3.1/../../../../arm-atollic-eabi/lib/armv6-m\libc_nano.a(lib_a-memset.o)
 .debug_frame   0x00001fd0       0x20 c:/program files (x86)/atollic/truestudio for stm32 9.1.0/armtools/bin/../lib/gcc/arm-atollic-eabi/6.3.1/armv6-m\libgcc.a(_udivsi3.o)
